packages/translator-default/test/fixtures/error-fragment-tag-extra-attributes/template.marko(1,17): "fragment" tag can only have a "key" or default attribute.
> 1 | <fragment key=1 x=2>
    |                 ^^^
  2 |   <div/>
  3 | </fragment>