packages/translator-default/test/fixtures/error-fragment-tag-invalid-attribute/template.marko(1,2): "fragment" tag must have a "key" or default attribute.
> 1 | <fragment x=1>
    |  ^^^^^^^^
  2 |   <div/>
  3 | </fragment>