packages/translator-default/test/fixtures/error-bad-expression/template.marko(1,19): Unexpected token, expected ","
> 1 | <div class=(this is not valid)></div>
    |                   ^
  2 | 