Property expressions[0] of TemplateLiteral expected node to be of a type ["Expression"] but instead got undefined