You passed `path.replaceWith()` a falsy node, use `path.remove()` instead