Property body[0] of BlockStatement expected node to be of a type ["Statement"] but instead got "CallExpression"